<?xml version="1.0" encoding="utf-8"?><testsuites name="pytest tests"><testsuite name="pytest" errors="0" failures="0" skipped="6" tests="222" time="25.345" timestamp="2026-09-13T23:12:35.255553+00:00" hostname="localhost"><testcase classname="tests.test_phase35_onboarding" name="test_fresh_install_is_explicit_not_started" time="0.043" /><testcase classname="tests.test_phase35_onboarding" name="test_existing_user_is_migrated_without_forced_wizard" time="0.003" /><testcase classname="tests.test_phase35_onboarding" name="test_existing_customized_settings_are_not_forced" time="0.002" /><testcase classname="tests.test_phase35_onboarding" name="test_resume_incomplete_onboarding_after_restart" time="0.006" /><testcase classname="tests.test_phase35_onboarding" name="test_skip_keeps_getting_started_state_available" time="0.004" /><testcase classname="tests.test_phase35_onboarding" name="test_language_registry_selection_persists[en]" time="0.004" /><testcase classname="tests.test_phase35_onboarding" name="test_language_registry_selection_persists[km]" time="0.004" /><testcase classname="tests.test_phase35_onboarding" name="test_language_registry_selection_persists[th]" time="0.004" /><testcase classname="tests.test_phase35_onboarding" name="test_language_registry_selection_persists[vi]" time="0.003" /><testcase classname="tests.test_phase35_onboarding" name="test_theme_accessibility_and_performance_use_existing_settings" time="0.003" /><testcase classname="tests.test_phase35_onboarding" name="test_project_folder_validation_uses_central_disk_monitor" time="0.003" /><testcase classname="tests.test_phase35_onboarding" name="test_invalid_project_folder_is_actionable" time="0.003" /><testcase classname="tests.test_phase35_onboarding" name="test_ffmpeg_missing_does_not_block_editor" time="0.003" /><testcase classname="tests.test_phase35_onboarding" name="test_cpu_only_mode_is_not_failure" time="0.003" /><testcase classname="tests.test_phase35_onboarding" name="test_gpu_available_mode_is_reported" time="0.003" /><testcase classname="tests.test_phase35_onboarding" name="test_models_are_not_discovered_or_downloaded_on_service_start" time="0.003" /><testcase classname="tests.test_phase35_onboarding" name="test_continue_without_ai_persists" time="0.004" /><testcase classname="tests.test_phase35_onboarding" name="test_complete_and_first_project_persist" time="0.006" /><testcase classname="tests.test_phase35_onboarding" name="test_run_setup_again_does_not_touch_projects_or_models" time="0.004" /><testcase classname="tests.test_phase35_onboarding" name="test_dismissed_contextual_tip_persists" time="0.003" /><testcase classname="tests.test_phase35_onboarding" name="test_quick_setup_summary_is_plain_and_optional" time="0.003" /><testcase classname="tests.test_phase35_onboarding" name="test_qml_contracts_and_no_auto_download" time="0.001" /><testcase classname="tests.test_phase35_onboarding" name="test_accessibility_high_dpi_and_multilingual_contracts" time="0.001" /><testcase classname="tests.test_phase35_onboarding" name="test_help_and_template_handoff_are_reopenable" time="0.001" /><testcase classname="tests.test_phase35_onboarding" name="test_phase35_runtime_remains_in_release_lineage" time="0.001" /><testcase classname="tests.test_phase35_onboarding" name="test_fresh_install_acceptance_sequence" time="0.007" /><testcase classname="tests.test_phase35_onboarding" name="test_no_internet_or_model_discovery_failure_still_allows_manual_setup" time="0.004" /><testcase classname="tests.test_phase35_onboarding" name="test_startup_does_not_run_readiness_or_model_discovery" time="0.003" /><testcase classname="tests.test_phase36_diagnostics" name="test_quick_diagnostic_orchestration_is_lightweight" time="0.018" /><testcase classname="tests.test_phase36_diagnostics" name="test_full_diagnostics_orchestration_adds_deep_categories" time="0.019" /><testcase classname="tests.test_phase36_diagnostics" name="test_cancellation_is_supported" time="0.007" /><testcase classname="tests.test_phase36_diagnostics" name="test_ffmpeg_and_ffprobe_found_missing[True-True-ready]" time="0.009" /><testcase classname="tests.test_phase36_diagnostics" name="test_ffmpeg_and_ffprobe_found_missing[True-False-warning]" time="0.009" /><testcase classname="tests.test_phase36_diagnostics" name="test_ffmpeg_and_ffprobe_found_missing[False-False-not_configured]" time="0.011" /><testcase classname="tests.test_phase36_diagnostics" name="test_filter_detection_is_exact_token_based" time="0.008" /><testcase classname="tests.test_phase36_diagnostics" name="test_encoder_detection_does_not_confuse_substrings" time="0.007" /><testcase classname="tests.test_phase36_diagnostics" name="test_storage_writable_and_unwritable" time="0.008" /><testcase classname="tests.test_phase36_diagnostics" name="test_low_disk_is_warning" time="0.009" /><testcase classname="tests.test_phase36_diagnostics" name="test_database_healthy_and_integrity" time="0.010" /><testcase classname="tests.test_phase36_diagnostics" name="test_database_failure_is_friendly" time="0.007" /><testcase classname="tests.test_phase36_diagnostics" name="test_pending_migration_detection" time="0.009" /><testcase classname="tests.test_phase36_diagnostics" name="test_model_missing_is_not_configured" time="0.007" /><testcase classname="tests.test_phase36_diagnostics" name="test_model_installed_verified_without_loading" time="0.008" /><testcase classname="tests.test_phase36_diagnostics" name="test_model_corrupt_routes_to_existing_repair" time="0.011" /><testcase classname="tests.test_phase36_diagnostics" name="test_gpu_present_absent_and_no_cuda_not_fatal[NVIDIA Test-available]" time="0.011" /><testcase classname="tests.test_phase36_diagnostics" name="test_gpu_present_absent_and_no_cuda_not_fatal[None-unavailable]" time="0.013" /><testcase classname="tests.test_phase36_diagnostics" name="test_gpu_present_absent_and_no_cuda_not_fatal[None-unknown]" time="0.009" /><testcase classname="tests.test_phase36_diagnostics" name="test_project_missing_media_and_unicode_paths" time="0.011" /><testcase classname="tests.test_phase36_diagnostics" name="test_project_invalid_reference_integrity" time="0.009" /><testcase classname="tests.test_phase36_diagnostics" name="test_render_failure_categorization[No such file or directory input.mp4-Missing Media]" time="0.006" /><testcase classname="tests.test_phase36_diagnostics" name="test_render_failure_categorization[No such filter: fancy_filter-Unsupported Filter]" time="0.006" /><testcase classname="tests.test_phase36_diagnostics" name="test_render_failure_categorization[Error while opening encoder h264_nvenc-Encoder Failure]" time="0.006" /><testcase classname="tests.test_phase36_diagnostics" name="test_render_failure_categorization[No space left on device-Disk Full]" time="0.006" /><testcase classname="tests.test_phase36_diagnostics" name="test_render_failure_categorization[Invalid audio graph near amix-Invalid Audio Graph]" time="0.006" /><testcase classname="tests.test_phase36_diagnostics" name="test_render_failure_categorization[libass unable to load font-Subtitle/Font Problem]" time="0.006" /><testcase classname="tests.test_phase36_diagnostics" name="test_render_failure_categorization[mysterious ffmpeg exit 1-Unknown FFmpeg Failure]" time="0.006" /><testcase classname="tests.test_phase36_diagnostics" name="test_redacts_authorization_tokens_passwords_cookies_and_query_secrets" time="0.002" /><testcase classname="tests.test_phase36_diagnostics" name="test_recursive_secret_fields_are_redacted" time="0.002" /><testcase classname="tests.test_phase36_diagnostics" name="test_diagnostics_preferences_restart_persistence" time="0.003" /><testcase classname="tests.test_phase36_diagnostics" name="test_mandatory_secret_redaction_in_support_bundle" time="0.020" /><testcase classname="tests.test_phase36_diagnostics" name="test_mandatory_support_bundle_excludes_private_project_content_and_media" time="0.030" /><testcase classname="tests.test_phase36_diagnostics" name="test_bundle_zip_paths_are_safe" time="0.020" /><testcase classname="tests.test_phase36_diagnostics" name="test_unicode_paths_bundle_success" time="0.016" /><testcase classname="tests.test_phase36_diagnostics" name="test_recent_logs_are_bounded_filtered_and_redacted" time="0.008" /><testcase classname="tests.test_phase36_diagnostics" name="test_short_report_excludes_technical_details" time="0.006" /><testcase classname="tests.test_phase36_diagnostics" name="test_safe_repair_only_recreates_app_owned_directories" time="0.008" /><testcase classname="tests.test_phase36_diagnostics" name="test_real_ffmpeg_generated_source_smoke" time="0.324" /><testcase classname="tests.test_phase36_diagnostics" name="test_full_diagnostics_exposes_all_required_categories" time="0.026" /><testcase classname="tests.test_phase36_diagnostics" name="test_qml_and_runtime_contracts_are_present" time="0.001" /><testcase classname="tests.test_phase36_diagnostics" name="test_no_model_install_or_upload_path_in_core_services" time="0.001" /><testcase classname="tests.test_phase36_diagnostics" name="test_support_bundle_fixed_allowlist_has_no_private_types" time="0.000" /><testcase classname="tests.test_phase37_security" name="test_path_traversal_delete_blocked" time="0.003" /><testcase classname="tests.test_phase37_security" name="test_external_file_delete_protection" time="0.002" /><testcase classname="tests.test_phase37_security" name="test_symlink_escape_blocked_where_supported" time="0.003" /><testcase classname="tests.test_phase37_security" name="test_safe_delete_app_owned_child" time="0.003" /><testcase classname="tests.test_phase37_security" name="test_safe_copy_destination_rejects_unsafe_names[../outside]" time="0.002" /><testcase classname="tests.test_phase37_security" name="test_safe_copy_destination_rejects_unsafe_names[C:\\Windows\\System32\\x]" time="0.002" /><testcase classname="tests.test_phase37_security" name="test_safe_copy_destination_rejects_unsafe_names[\\\\server\\share\\x]" time="0.002" /><testcase classname="tests.test_phase37_security" name="test_safe_copy_destination_rejects_unsafe_names[CON.txt]" time="0.002" /><testcase classname="tests.test_phase37_security" name="test_safe_copy_destination_rejects_unsafe_names[NUL]" time="0.002" /><testcase classname="tests.test_phase37_security" name="test_safe_copy_destination_rejects_unsafe_names[file:stream]" time="0.002" /><testcase classname="tests.test_phase37_security" name="test_safe_copy_destination_preserves_unicode" time="0.002" /><testcase classname="tests.test_phase37_security" name="test_zip_traversal_and_absolute_paths_blocked[../../evil.txt]" time="0.001" /><testcase classname="tests.test_phase37_security" name="test_zip_traversal_and_absolute_paths_blocked[/etc/passwd]" time="0.001" /><testcase classname="tests.test_phase37_security" name="test_zip_traversal_and_absolute_paths_blocked[C:\\Windows\\x]" time="0.001" /><testcase classname="tests.test_phase37_security" name="test_zip_traversal_and_absolute_paths_blocked[\\\\server\\share\\x]" time="0.001" /><testcase classname="tests.test_phase37_security" name="test_zip_file_count_limit" time="0.003" /><testcase classname="tests.test_phase37_security" name="test_zip_bomb_compression_ratio_blocked" time="0.022" /><testcase classname="tests.test_phase37_security" name="test_executable_template_member_rejected" time="0.001" /><testcase classname="tests.test_phase37_security" name="test_template_symlink_member_rejected" time="0.001" /><testcase classname="tests.test_phase37_security" name="test_template_checksum_mismatch_detected" time="0.001" /><testcase classname="tests.test_phase37_security" name="test_reference_voice_asset_marked_sensitive" time="0.000" /><testcase classname="tests.test_phase37_security" name="test_bounded_member_read" time="0.003" /><testcase classname="tests.test_phase37_security" name="test_output_path_escape_and_windows_devices_blocked[../out]" time="0.001" /><testcase classname="tests.test_phase37_security" name="test_output_path_escape_and_windows_devices_blocked[C:\\Windows\\out]" time="0.001" /><testcase classname="tests.test_phase37_security" name="test_output_path_escape_and_windows_devices_blocked[\\\\server\\share\\out]" time="0.001" /><testcase classname="tests.test_phase37_security" name="test_output_path_escape_and_windows_devices_blocked[NUL]" time="0.001" /><testcase classname="tests.test_phase37_security" name="test_output_path_escape_and_windows_devices_blocked[CON.txt]" time="0.001" /><testcase classname="tests.test_phase37_security" name="test_output_path_escape_and_windows_devices_blocked[x:stream]" time="0.001" /><testcase classname="tests.test_phase37_security" name="test_output_path_escape_and_windows_devices_blocked[bad\x00name]" time="0.002" /><testcase classname="tests.test_phase37_security" name="test_malicious_shell_filename_is_data_not_path" time="0.002" /><testcase classname="tests.test_phase37_security" name="test_command_injection_string_remains_single_argv_element" time="0.002" /><testcase classname="tests.test_phase37_security" name="test_ffmpeg_filter_paths_escape_quotes_unicode_and_delimiters" time="0.001" /><testcase classname="tests.test_phase37_security" name="test_ssrf_unsafe_scheme_and_localhost_blocked[file:///etc/passwd]" time="0.001" /><testcase classname="tests.test_phase37_security" name="test_ssrf_unsafe_scheme_and_localhost_blocked[ftp://example.com/x]" time="0.001" /><testcase classname="tests.test_phase37_security" name="test_ssrf_unsafe_scheme_and_localhost_blocked[gopher://example.com/1]" time="0.001" /><testcase classname="tests.test_phase37_security" name="test_ssrf_unsafe_scheme_and_localhost_blocked[data:text/plain,hello]" time="0.001" /><testcase classname="tests.test_phase37_security" name="test_ssrf_unsafe_scheme_and_localhost_blocked[http://localhost/x]" time="0.001" /><testcase classname="tests.test_phase37_security" name="test_ssrf_private_and_loopback_addresses_blocked[private.example]" time="0.001" /><testcase classname="tests.test_phase37_security" name="test_ssrf_private_and_loopback_addresses_blocked[loop.example]" time="0.001" /><testcase classname="tests.test_phase37_security" name="test_ssrf_private_and_loopback_addresses_blocked[v6loop.example]" time="0.001" /><testcase classname="tests.test_phase37_security" name="test_ssrf_public_address_allowed" time="0.001" /><testcase classname="tests.test_phase37_security" name="test_redirect_to_private_ip_blocked" time="0.001" /><testcase classname="tests.test_phase37_security" name="test_dns_rebinding_private_connected_peer_blocked" time="0.001" /><testcase classname="tests.test_phase37_security" name="test_credential_redaction_covers_auth_cookie_and_urls" time="0.002" /><testcase classname="tests.test_phase37_security" name="test_api_key_not_logged_by_security_event" time="0.001" /><testcase classname="tests.test_phase37_security" name="test_support_bundle_gate_rejects_unredacted_api_key" time="0.003" /><testcase classname="tests.test_phase37_security" name="test_support_bundle_allowlist_has_no_reference_voice_or_project_data" time="0.001" /><testcase classname="tests.test_phase37_security" name="test_cloud_provider_requires_first_use_privacy_warning" time="0.001" /><testcase classname="tests.test_phase37_security" name="test_model_checksum_failure" time="0.003" /><testcase classname="tests.test_phase37_security" name="test_model_urls_require_trusted_https" time="0.001" /><testcase classname="tests.test_phase37_security" name="test_tls_verification_not_disabled_in_model_source" time="0.001" /><testcase classname="tests.test_phase37_security" name="test_malicious_json_is_handled_without_deserialization" time="0.002" /><testcase classname="tests.test_phase37_security" name="test_sql_attack_string_is_bound_data_not_sql" time="0.001" /><testcase classname="tests.test_phase37_security" name="test_attack_strings_are_never_interpreted_as_managed_destinations[&quot;; calc.exe &amp; echo &quot;]" time="0.002" /><testcase classname="tests.test_phase37_security" name="test_attack_strings_are_never_interpreted_as_managed_destinations[../../outside.txt]" time="0.002" /><testcase classname="tests.test_phase37_security" name="test_attack_strings_are_never_interpreted_as_managed_destinations[C:\\Windows\\System32\\cmd.exe]" time="0.002" /><testcase classname="tests.test_phase37_security" name="test_attack_strings_are_never_interpreted_as_managed_destinations[$(whoami)]" time="0.002" /><testcase classname="tests.test_phase37_security" name="test_attack_strings_are_never_interpreted_as_managed_destinations[%TEMP%\\evil]" time="0.003" /><testcase classname="tests.test_phase37_security" name="test_attack_strings_are_never_interpreted_as_managed_destinations[\u1781\u17d2\u1798\u17c2\u179a &quot;quoted&quot; \u0e20\u0e32\u0e29\u0e32\u0e44\u0e17\u0e22 ti\u1ebfng Vi\u1ec7t $(whoami)]" time="0.002" /><testcase classname="tests.test_phase37_security" name="test_template_import_never_uses_extractall" time="0.001" /><testcase classname="tests.test_phase37_security" name="test_privacy_settings_distinguish_local_online_without_marketing_claim" time="0.001" /><testcase classname="tests.test_phase37_security" name="test_phase37_runtime_remains_in_release_lineage" time="0.001" /><testcase classname="tests.test_phase37_security" name="test_security_documents_cover_updater_and_unresolved_risks" time="0.001" /><testcase classname="tests.test_phase38_migrations" name="test_schema_constants_are_explicit" time="0.001" /><testcase classname="tests.test_phase38_migrations" name="test_registry_orders_and_rejects_gaps" time="0.000" /><testcase classname="tests.test_phase38_migrations" name="test_fresh_db_creation_and_order" time="0.016" /><testcase classname="tests.test_phase38_migrations" name="test_migration_already_applied_is_idempotent" time="0.021" /><testcase classname="tests.test_phase38_migrations" name="test_failed_app_migration_restores_backup_even_after_implicit_commit" time="0.019" /><testcase classname="tests.test_phase38_migrations" name="test_crash_marker_restores_backup_on_restart" time="0.028" /><testcase classname="tests.test_phase38_migrations" name="test_phase38_app_migration_adds_versions_and_history" time="0.009" /><testcase classname="tests.test_phase38_migrations" name="test_legacy_project_migration_backup_open_edit_save" time="0.048" /><testcase classname="tests.test_phase38_migrations" name="test_multilingual_speaker_speech_layer_audio_dub_migration" time="0.037" /><testcase classname="tests.test_phase38_migrations" name="test_speechblock_migration_is_idempotent" time="0.029" /><testcase classname="tests.test_phase38_migrations" name="test_language_unknown_is_preserved_not_guessed" time="0.031" /><testcase classname="tests.test_phase38_migrations" name="test_newer_project_is_never_modified" time="0.025" /><testcase classname="tests.test_phase38_migrations" name="test_failed_project_migration_rolls_back_and_keeps_backup" time="0.043" /><testcase classname="tests.test_phase38_migrations" name="test_interrupted_project_marker_restores_metadata" time="0.031" /><testcase classname="tests.test_phase38_migrations" name="test_settings_migration_preserves_choices_and_unknown" time="0.001" /><testcase classname="tests.test_phase38_migrations" name="test_settings_flat_legacy_names_map_without_dropping_originals" time="0.001" /><testcase classname="tests.test_phase38_migrations" name="test_recovery_snapshot_migration_and_newer_rejection" time="0.000" /><testcase classname="tests.test_phase38_migrations" name="test_template_migration_adapter_reuses_existing_migrator" time="0.001" /><testcase classname="tests.test_phase38_migrations" name="test_asset_and_batch_state_survive_project_migration" time="0.028" /><testcase classname="tests.test_phase38_migrations" name="test_foreign_key_validation_detects_orphan" time="0.019" /><testcase classname="tests.test_phase38_migrations" name="test_language_aliases_are_careful" time="0.001" /><testcase classname="tests.test_phase38_migrations" name="test_post_migration_render_smoke" time="0.327" /><testcase classname="tests.test_phase38_migrations" name="test_runtime_and_entrypoint_contract" time="0.001" /><testcase classname="tests.test_phase38_migrations" name="test_storage_migration_backups_are_protected" time="0.001" /><testcase classname="tests.test_phase38_migrations" name="test_project_schema_metadata_preserves_unknown_fields_static" time="0.001" /><testcase classname="tests.test_phase38_migrations" name="test_no_drop_recreate_shortcut_in_phase38_sources" time="0.002" /><testcase classname="tests.test_phase38_migrations" name="test_application_database_newer_schema_is_rejected" time="0.013" /><testcase classname="tests.test_phase38_migrations" name="test_phase38_app_migration_interrupts_running_batch_and_versions_recovery" time="0.007" /><testcase classname="tests.test_phase38_migrations" name="test_legacy_project_volume_fields_migrate_to_generic_mixer" time="0.027" /><testcase classname="tests.test_phase38_migrations" name="test_project_backup_can_restore_database_and_metadata" time="0.023" /><testcase classname="tests.test_phase38_migrations" name="test_recovery_snapshot_service_migrates_old_payload_in_memory_and_rejects_newer" time="0.001" /><testcase classname="tests.test_phase38_migrations" name="test_recovery_repository_persists_schema_version_contract_static" time="0.001" /><testcase classname="tests.test_phase38_migrations" name="test_real_legacy_fixture_milestones_are_documented" time="0.000" /><testcase classname="tests.test_phase38_migrations" name="test_phase38_migration_package_is_in_distribution" time="0.001" /><testcase classname="tests.test_phase38_migrations" name="test_phase38_project_migration_failure_ux_contract_static" time="0.001" /><testcase classname="tests.test_phase38_migrations" name="test_phase38_newer_project_ux_contract_static" time="0.001" /><testcase classname="tests.test_phase39_e2e" name="test_normal_video_e2e" time="2.482" /><testcase classname="tests.test_phase39_e2e" name="test_reporter_news_e2e" time="1.136" /><testcase classname="tests.test_phase39_e2e" name="test_interview_news_e2e" time="1.101" /><testcase classname="tests.test_phase39_e2e" name="test_story_e2e" time="0.984" /><testcase classname="tests.test_phase39_e2e" name="test_translate_and_dub_e2e" time="0.999" /><testcase classname="tests.test_phase39_e2e" name="test_shorts_e2e" time="0.952" /><testcase classname="tests.test_phase39_e2e" name="test_reporter_template_e2e" time="0.008" /><testcase classname="tests.test_phase39_e2e" name="test_asset_library_e2e" time="0.009" /><testcase classname="tests.test_phase39_e2e" name="test_batch_factory_e2e" time="2.843" /><testcase classname="tests.test_phase39_e2e" name="test_recovery_e2e" time="0.951" /><testcase classname="tests.test_phase39_e2e" name="test_migration_e2e_open_edit_render" time="0.629" /><testcase classname="tests.test_phase39_fast" name="test_fake_tts_is_deterministic_and_offline" time="0.019" /><testcase classname="tests.test_phase39_fast" name="test_fake_stt_translation_and_director_are_deterministic" time="0.003" /><testcase classname="tests.test_phase39_fast" name="test_fake_engine_language_matrix[en]" time="0.007" /><testcase classname="tests.test_phase39_fast" name="test_fake_engine_language_matrix[km]" time="0.007" /><testcase classname="tests.test_phase39_fast" name="test_fake_engine_language_matrix[th]" time="0.007" /><testcase classname="tests.test_phase39_fast" name="test_fake_engine_language_matrix[vi]" time="0.007" /><testcase classname="tests.test_phase39_fast" name="test_unicode_filesystem_roundtrip" time="0.004" /><testcase classname="tests.test_phase39_fast" name="test_project_controller_uses_central_language_registry" time="0.001" /><testcase classname="tests.test_phase39_fast" name="test_historical_entrypoint_tests_are_release_lineage_safe" time="0.001" /><testcase classname="tests.test_phase39_faults" name="test_disk_full_like_write_failure_does_not_replace_existing_file" time="0.002" /><testcase classname="tests.test_phase39_faults" name="test_missing_media_fails_closed" time="0.002" /><testcase classname="tests.test_phase39_faults" name="test_tts_and_stt_injected_failures_are_actionable" time="0.002" /><testcase classname="tests.test_phase39_faults" name="test_ffmpeg_failure_returns_nonzero_without_shell" time="0.263" /><testcase classname="tests.test_phase39_faults" name="test_db_write_failure_rolls_back" time="0.005" /><testcase classname="tests.test_phase39_faults" name="test_output_collision_is_refused" time="2.332" /><testcase classname="tests.test_phase39_faults" name="test_corrupted_template_archive_rejected_by_phase37_service" time="0.003" /><testcase classname="tests.test_phase39_faults" name="test_corrupted_recovery_payload_rejected_or_preserved_safely" time="0.001" /><testcase classname="tests.test_phase39_faults" name="test_malformed_settings_are_not_silently_executed" time="0.000" /><testcase classname="tests.test_phase39_integration" name="test_media_fixture_generation_and_libx264_smoke" time="1.823" /><testcase classname="tests.test_phase39_integration" name="test_database_and_project_roots_are_temporary" time="0.003" /><testcase classname="tests.test_phase39_integration" name="test_legacy_migrate_open_edit_and_real_render" time="0.632" /><testcase classname="tests.test_phase39_multilingual" name="test_multilingual_content_matrix[en]" time="2.745" /><testcase classname="tests.test_phase39_multilingual" name="test_multilingual_content_matrix[km]" time="0.948" /><testcase classname="tests.test_phase39_multilingual" name="test_multilingual_content_matrix[th]" time="1.050" /><testcase classname="tests.test_phase39_multilingual" name="test_multilingual_content_matrix[vi]" time="1.053" /><testcase classname="tests.test_phase39_packaging" name="test_pyproject_entrypoint_and_release_markers_are_valid" time="0.002" /><testcase classname="tests.test_phase39_packaging" name="test_release_qa_runner_and_required_docs_exist" time="0.001" /><testcase classname="tests.test_phase39_packaging" name="test_phase39_python_sources_compile" time="0.001" /><testcase classname="tests.test_phase39_packaging" name="test_tests_do_not_commit_large_generated_media" time="0.001" /><testcase classname="tests.test_phase39_packaging" name="test_phase39_remains_a_qa_layer_without_its_own_runtime" time="0.001" /><testcase classname="tests.test_phase39_performance" name="test_scale_models_1000_assets_batch_subtitles_and_100_scenes" time="0.010" /><testcase classname="tests.test_phase39_performance" name="test_phase31_subtitle_lookup_1000_when_service_available" time="0.050" /><testcase classname="tests.test_phase39_performance" name="test_fake_engine_load_unload_is_bounded" time="0.001" /><testcase classname="tests.test_phase39_performance" name="test_ffmpeg_cancellation_leaves_no_child_process" time="0.161" /><testcase classname="tests.test_phase39_performance" name="test_worker_pool_thread_count_is_bounded_when_full_source_available" time="0.001"><skipped type="pytest.skip" message="Full WorkerPool source is not present in this partial sandbox checkout">/mnt/data/phase39-regression/tests/test_phase39_performance.py:72: Full WorkerPool source is not present in this partial sandbox checkout</skipped></testcase><testcase classname="tests.test_phase39_performance" name="test_thumbnail_request_cancellation_marks_stale_when_full_source_available" time="0.003"><skipped type="pytest.skip" message="Full thumbnail cancellation services are not present in this partial sandbox checkout">/mnt/data/phase39-regression/tests/test_phase39_performance.py:96: Full thumbnail cancellation services are not present in this partial sandbox checkout</skipped></testcase><testcase classname="tests.test_phase39_qml_smoke" name="test_major_qml_surfaces_exist_and_are_structurally_balanced" time="0.001"><skipped type="pytest.skip" message="Complete QML source tree is not present in this partial sandbox checkout">/mnt/data/phase39-regression/tests/test_phase39_qml_smoke.py:44: Complete QML source tree is not present in this partial sandbox checkout</skipped></testcase><testcase classname="tests.test_phase39_qml_smoke" name="test_light_dark_theme_and_accessibility_contracts_remain_present" time="0.001" /><testcase classname="tests.test_phase39_qml_smoke" name="test_qmllint_major_surfaces_when_tool_is_available" time="0.001"><skipped type="pytest.skip" message="qmllint is not installed in this environment">/mnt/data/phase39-regression/tests/test_phase39_qml_smoke.py:73: qmllint is not installed in this environment</skipped></testcase><testcase classname="tests.test_phase39_qml_smoke" name="test_critical_interaction_surfaces_have_controller_hooks" time="0.002"><skipped type="pytest.skip" message="Complete QML source tree is not present">/mnt/data/phase39-regression/tests/test_phase39_qml_smoke.py:87: Complete QML source tree is not present</skipped></testcase><testcase classname="tests.test_phase39_windows" name="test_windows_unicode_and_space_paths_roundtrip" time="0.003"><skipped type="pytest.skip" message="Windows-specific filesystem acceptance runs on Windows 11 release QA">/mnt/data/phase39-regression/tests/test_phase39_windows.py:13: Windows-specific filesystem acceptance runs on Windows 11 release QA</skipped></testcase></testsuite></testsuites>